// Jest Snapshot v1, https://goo.gl/fbAQLP

exports[`CustomApp layout matches snapshot 1`] = `
<DocumentFragment>
  <section
    class="ant-layout"
  >
    <header
      class="ant-layout-header layout-header"
    >
      <div
        class="logo"
      >
        <a
          href="/"
        >
          <img
            src="/logo.svg"
          />
        </a>
      </div>
      <ul
        class="ant-menu ant-menu-dark ant-menu-root ant-menu-horizontal"
        role="menu"
      >
        <li
          class="ant-menu-submenu ant-menu-submenu-horizontal ant-menu-overflowed-submenu"
          role="menuitem"
          style="display: none;"
        >
          <div
            aria-expanded="false"
            aria-haspopup="true"
            class="ant-menu-submenu-title"
            role="button"
          >
            <span>
              ···
            </span>
            <i
              class="ant-menu-submenu-arrow"
            />
          </div>
        </li>
        <li
          class="ant-menu-item ant-menu-item-only-child"
          role="menuitem"
        >
          <a
            href="/water"
          >
            Water
          </a>
        </li>
        <li
          class="ant-menu-submenu ant-menu-submenu-horizontal ant-menu-overflowed-submenu"
          role="menuitem"
          style="display: none;"
        >
          <div
            aria-expanded="false"
            aria-haspopup="true"
            class="ant-menu-submenu-title"
            role="button"
          >
            <span>
              ···
            </span>
            <i
              class="ant-menu-submenu-arrow"
            />
          </div>
        </li>
        <li
          class="ant-menu-item ant-menu-item-only-child"
          role="menuitem"
        >
          <a
            href="/water-quality"
          >
            Water quality
          </a>
        </li>
        <li
          class="ant-menu-submenu ant-menu-submenu-horizontal ant-menu-overflowed-submenu"
          role="menuitem"
          style="display: none;"
        >
          <div
            aria-expanded="false"
            aria-haspopup="true"
            class="ant-menu-submenu-title"
            role="button"
          >
            <span>
              ···
            </span>
            <i
              class="ant-menu-submenu-arrow"
            />
          </div>
        </li>
        <li
          class="ant-menu-item ant-menu-item-only-child"
          role="menuitem"
        >
          <a
            href="/sanitation"
          >
            Sanitation
          </a>
        </li>
        <li
          class="ant-menu-submenu ant-menu-submenu-horizontal ant-menu-overflowed-submenu"
          role="menuitem"
          style="display: none;"
        >
          <div
            aria-expanded="false"
            aria-haspopup="true"
            class="ant-menu-submenu-title"
            role="button"
          >
            <span>
              ···
            </span>
            <i
              class="ant-menu-submenu-arrow"
            />
          </div>
        </li>
        <li
          class="ant-menu-item ant-menu-item-only-child"
          role="menuitem"
        >
          <a
            href="/hygiene"
          >
            Hygiene
          </a>
        </li>
        <li
          class="ant-menu-submenu ant-menu-submenu-horizontal ant-menu-overflowed-submenu"
          role="menuitem"
          style="display: none;"
        >
          <div
            aria-expanded="false"
            aria-haspopup="true"
            class="ant-menu-submenu-title"
            role="button"
          >
            <span>
              ···
            </span>
            <i
              class="ant-menu-submenu-arrow"
            />
          </div>
        </li>
        <li
          class="ant-menu-item ant-menu-item-only-child"
          role="menuitem"
        >
          <a
            href="/data"
          >
            Data
          </a>
        </li>
        <li
          class="ant-menu-submenu ant-menu-submenu-horizontal ant-menu-overflowed-submenu"
          role="menuitem"
          style="display: none;"
        >
          <div
            aria-expanded="false"
            aria-haspopup="true"
            class="ant-menu-submenu-title"
            role="button"
          >
            <span>
              ···
            </span>
            <i
              class="ant-menu-submenu-arrow"
            />
          </div>
        </li>
        <li
          class="ant-menu-item ant-menu-item-only-child"
          role="menuitem"
        >
          <a
            href="/guide"
          >
            Guide
          </a>
        </li>
        <li
          class="ant-menu-submenu ant-menu-submenu-horizontal ant-menu-overflowed-submenu"
          role="menuitem"
          style="visibility: hidden; position: absolute; display: none;"
        >
          <div
            aria-expanded="false"
            aria-haspopup="true"
            class="ant-menu-submenu-title"
            role="button"
          >
            <span>
              ···
            </span>
            <i
              class="ant-menu-submenu-arrow"
            />
          </div>
        </li>
      </ul>
    </header>
    <main
      class="ant-layout-content layout-content"
    >
      <div>
        Example
      </div>
    </main>
    <footer
      class="ant-layout-footer"
    >
      <p>
        @2020
      </p>
    </footer>
  </section>
</DocumentFragment>
`;
