// Jest Snapshot v1, https://goo.gl/fbAQLP

exports[`Home page matches snapshot 1`] = `
<DocumentFragment>
  <h1>
    Data portal WASH Mali
  </h1>
  <p>
    In this portal X, Y, Z. Please see the menu above for insights and data visualisations 
    <strong>
      per WASH theme
    </strong>
    , or go immediately to the 
    <strong>
      raw data
    </strong>
    :
  </p>
  <p>
    <button
      class="ant-btn ant-btn-primary"
      type="button"
    >
      <span>
        View raw data
      </span>
    </button>
  </p>
  <h2>
    Overview of data by region
  </h2>
  <p>
    The graph below gives an overview of the main indicators by region used by the DNH. Namely: functionality rate, access rate and equipment rate. For more information, see the data and graphics section.
  </p>
  <div
    style="height: 50vh; width: 100%; max-width: 1000px;"
  >
    <div
      style="width: 100%; height: 100%;"
    />
  </div>
</DocumentFragment>
`;
