// Jest Snapshot v1, https://goo.gl/fbAQLP

exports[`Water page matches snapshot 1`] = `
<DocumentFragment>
  <h1>
    Water
  </h1>
  <p>
    Lorem ipsum dolor sit amet, consectetur adipiscing elit, sed do eiusmod tempor incididunt ut labore et dolore magna aliqua. Mi sit amet mauris commodo quis imperdiet massa. Nulla posuere sollicitudin aliquam ultrices sagittis orci a scelerisque purus. Adipiscing elit pellentesque habitant morbi. Ultricies mi eget mauris pharetra et. Elit pellentesque habitant morbi tristique senectus. Non quam lacus suspendisse faucibus. Orci dapibus ultrices in iaculis nunc sed. Ac tortor dignissim convallis aenean. Ut sem viverra aliquet eget sit amet tellus cras. Lorem donec massa sapien faucibus et molestie. Sapien faucibus et molestie ac feugiat sed lectus vestibulum mattis. Cursus vitae congue mauris rhoncus aenean. Sit amet mattis vulputate enim nulla. Egestas quis ipsum suspendisse ultrices. Nisi quis eleifend quam adipiscing vitae proin. Morbi blandit cursus risus at. Fames ac turpis egestas maecenas pharetra convallis posuere morbi. Eu turpis egestas pretium aenean pharetra magna.
  </p>
  <p>
    Purus ut faucibus pulvinar elementum integer enim neque volutpat. Blandit volutpat maecenas volutpat blandit aliquam etiam. Morbi tristique senectus et netus et malesuada. Rhoncus dolor purus non enim praesent elementum. Tellus rutrum tellus pellentesque eu tincidunt tortor aliquam nulla facilisi. Urna nec tincidunt praesent semper feugiat nibh sed pulvinar. Ultrices sagittis orci a scelerisque purus semper. Neque aliquam vestibulum morbi blandit cursus risus at ultrices. Eget sit amet tellus cras adipiscing enim eu. In aliquam sem fringilla ut. At elementum eu facilisis sed odio.
  </p>
  <div
    style="height: 50vh; width: 100%; max-width: 1000px;"
  >
    <div
      style="position: relative; width: 100%; height: 100%; cursor: grab; outline: none;"
      tabindex="0"
    >
      <div
        style="position: relative; width: 100%; height: 100%;"
      >
        <div
          class=""
          style="position: absolute; width: 100%; height: 100%; overflow: hidden; visibility: inherit;"
        />
        <div
          style="overflow: visible; height: 0px; width: 0px;"
        />
        <div
          class="resize-triggers"
        >
          <div
            class="expand-trigger"
          >
            <div
              style="width: 1px; height: 1px;"
            />
          </div>
          <div
            class="contract-trigger"
          />
        </div>
      </div>
    </div>
  </div>
</DocumentFragment>
`;
